// Jest Snapshot v1, https://goo.gl/fbAQLP

exports[`<Main /> should render the heading 1`] = `
<main
  class="styles__Wrapper-sc-1cs6c8-0 bqxiBk"
>
  <img
    alt="Imagem de uma átomo com React avançado escrito ao lado"
    class="styles__Logo-sc-1cs6c8-1 kjzhTH"
    src="/img/logo1.svg"
  />
  <h1
    class="styles__Title-sc-1cs6c8-2 gcXVYJ"
  >
    React Avançado
  </h1>
  <h2
    class="styles__Description-sc-1cs6c8-3 epwofi"
  >
    ReactJs, NextJs e Styled-components 
  </h2>
  <img
    alt="Imagem de um desenvolvedor sentado numa cadeira escrevendo um código no computador"
    class="styles__Illustration-sc-1cs6c8-4 kYgUhr"
    src="/img/hero-illustration.svg"
  />
</main>
`
